

================================================================
== Vivado HLS Report for 'sha_transform'
================================================================
* Date:           Sat Apr 23 16:59:19 2022

* Version:        2019.1 (Build 2552052 on Fri May 24 15:28:33 MDT 2019)
* Project:        Raise_dse
* Solution:       solution1
* Product family: virtexuplus
* Target device:  xcvu9p-flgb2104-1-e


================================================================
== Performance Estimates
================================================================
+ Timing (ns): 
    * Summary: 
    +--------+-------+----------+------------+
    |  Clock | Target| Estimated| Uncertainty|
    +--------+-------+----------+------------+
    |ap_clk  |   8.00|     6.985|        1.00|
    +--------+-------+----------+------------+

+ Latency (clock cycles): 
    * Summary: 
    +-----+-----+-----+-----+---------+
    |  Latency  |  Interval | Pipeline|
    | min | max | min | max |   Type  |
    +-----+-----+-----+-----+---------+
    |   44|   44|   44|   44|   none  |
    +-----+-----+-----+-----+---------+

    + Detail: 
        * Instance: 
        N/A

        * Loop: 
        N/A



================================================================
== Utilization Estimates
================================================================
* Summary: 
+---------------------+---------+-------+---------+---------+-----+
|         Name        | BRAM_18K| DSP48E|    FF   |   LUT   | URAM|
+---------------------+---------+-------+---------+---------+-----+
|DSP                  |        -|      -|        -|        -|    -|
|Expression           |        -|      -|        0|    24259|    -|
|FIFO                 |        -|      -|        -|        -|    -|
|Instance             |        -|      -|        -|        -|    -|
|Memory               |        2|      -|        0|        0|    0|
|Multiplexer          |        -|      -|        -|     1119|    -|
|Register             |        -|      -|     6253|        -|    -|
+---------------------+---------+-------+---------+---------+-----+
|Total                |        2|      0|     6253|    25378|    0|
+---------------------+---------+-------+---------+---------+-----+
|Available SLR        |     1440|   2280|   788160|   394080|  320|
+---------------------+---------+-------+---------+---------+-----+
|Utilization SLR (%)  |    ~0   |      0|    ~0   |        6|    0|
+---------------------+---------+-------+---------+---------+-----+
|Available            |     4320|   6840|  2364480|  1182240|  960|
+---------------------+---------+-------+---------+---------+-----+
|Utilization (%)      |    ~0   |      0|    ~0   |        2|    0|
+---------------------+---------+-------+---------+---------+-----+

+ Detail: 
    * Instance: 
    N/A

    * DSP48E: 
    N/A

    * Memory: 
    +-------+-----------------+---------+---+----+-----+------+-----+------+-------------+
    | Memory|      Module     | BRAM_18K| FF| LUT| URAM| Words| Bits| Banks| W*Bits*Banks|
    +-------+-----------------+---------+---+----+-----+------+-----+------+-------------+
    |W_U    |sha_transform_W  |        2|  0|   0|    0|    80|   32|     1|         2560|
    +-------+-----------------+---------+---+----+-----+------+-----+------+-------------+
    |Total  |                 |        2|  0|   0|    0|    80|   32|     1|         2560|
    +-------+-----------------+---------+---+----+-----+------+-----+------+-------------+

    * FIFO: 
    N/A

    * Expression: 
    +--------------------------+----------+-------+---+-----+------------+------------+
    |       Variable Name      | Operation| DSP48E| FF| LUT | Bitwidth P0| Bitwidth P1|
    +--------------------------+----------+-------+---+-----+------------+------------+
    |add_ln117_10_fu_1161_p2   |     +    |      0|  0|   32|          32|          32|
    |add_ln117_11_fu_1167_p2   |     +    |      0|  0|   32|          32|          32|
    |add_ln117_12_fu_1241_p2   |     +    |      0|  0|   32|          32|          32|
    |add_ln117_13_fu_1246_p2   |     +    |      0|  0|   32|          31|          32|
    |add_ln117_14_fu_1252_p2   |     +    |      0|  0|   32|          32|          32|
    |add_ln117_15_fu_1258_p2   |     +    |      0|  0|   32|          32|          32|
    |add_ln117_16_fu_1370_p2   |     +    |      0|  0|   32|          32|          32|
    |add_ln117_17_fu_1324_p2   |     +    |      0|  0|   32|          31|          32|
    |add_ln117_18_fu_1330_p2   |     +    |      0|  0|   32|          32|          32|
    |add_ln117_19_fu_1375_p2   |     +    |      0|  0|   32|          32|          32|
    |add_ln117_1_fu_1009_p2    |     +    |      0|  0|   32|          31|          32|
    |add_ln117_20_fu_1429_p2   |     +    |      0|  0|   32|          32|          32|
    |add_ln117_21_fu_1434_p2   |     +    |      0|  0|   32|          31|          32|
    |add_ln117_22_fu_1439_p2   |     +    |      0|  0|   32|          32|          32|
    |add_ln117_23_fu_1445_p2   |     +    |      0|  0|   32|          32|          32|
    |add_ln117_24_fu_1503_p2   |     +    |      0|  0|   32|          32|          32|
    |add_ln117_25_fu_1508_p2   |     +    |      0|  0|   32|          31|          32|
    |add_ln117_26_fu_1513_p2   |     +    |      0|  0|   32|          32|          32|
    |add_ln117_27_fu_1519_p2   |     +    |      0|  0|   32|          32|          32|
    |add_ln117_28_fu_1593_p2   |     +    |      0|  0|   32|          32|          32|
    |add_ln117_29_fu_1598_p2   |     +    |      0|  0|   32|          31|          32|
    |add_ln117_2_fu_1015_p2    |     +    |      0|  0|   32|          32|          32|
    |add_ln117_30_fu_1604_p2   |     +    |      0|  0|   32|          32|          32|
    |add_ln117_31_fu_1610_p2   |     +    |      0|  0|   32|          32|          32|
    |add_ln117_32_fu_1684_p2   |     +    |      0|  0|   32|          32|          32|
    |add_ln117_33_fu_1689_p2   |     +    |      0|  0|   32|          31|          32|
    |add_ln117_34_fu_1695_p2   |     +    |      0|  0|   32|          32|          32|
    |add_ln117_35_fu_1701_p2   |     +    |      0|  0|   32|          32|          32|
    |add_ln117_36_fu_1775_p2   |     +    |      0|  0|   32|          32|          32|
    |add_ln117_37_fu_1780_p2   |     +    |      0|  0|   32|          31|          32|
    |add_ln117_38_fu_1786_p2   |     +    |      0|  0|   32|          32|          32|
    |add_ln117_39_fu_1792_p2   |     +    |      0|  0|   32|          32|          32|
    |add_ln117_3_fu_1021_p2    |     +    |      0|  0|   32|          32|          32|
    |add_ln117_40_fu_2223_p2   |     +    |      0|  0|   32|          32|          32|
    |add_ln117_41_fu_1858_p2   |     +    |      0|  0|   32|          31|          32|
    |add_ln117_42_fu_1864_p2   |     +    |      0|  0|   32|          32|          32|
    |add_ln117_43_fu_2228_p2   |     +    |      0|  0|   32|          32|          32|
    |add_ln117_44_fu_2255_p2   |     +    |      0|  0|   32|          32|          32|
    |add_ln117_45_fu_2260_p2   |     +    |      0|  0|   32|          31|          32|
    |add_ln117_46_fu_2265_p2   |     +    |      0|  0|   32|          32|          32|
    |add_ln117_47_fu_2270_p2   |     +    |      0|  0|   32|          32|          32|
    |add_ln117_48_fu_2327_p2   |     +    |      0|  0|   32|          32|          32|
    |add_ln117_49_fu_2332_p2   |     +    |      0|  0|   32|          31|          32|
    |add_ln117_4_fu_1076_p2    |     +    |      0|  0|   32|          32|          32|
    |add_ln117_50_fu_2337_p2   |     +    |      0|  0|   32|          32|          32|
    |add_ln117_51_fu_2343_p2   |     +    |      0|  0|   32|          32|          32|
    |add_ln117_52_fu_2417_p2   |     +    |      0|  0|   32|          32|          32|
    |add_ln117_53_fu_2422_p2   |     +    |      0|  0|   32|          31|          32|
    |add_ln117_54_fu_2427_p2   |     +    |      0|  0|   32|          32|          32|
    |add_ln117_55_fu_2433_p2   |     +    |      0|  0|   32|          32|          32|
    |add_ln117_56_fu_2507_p2   |     +    |      0|  0|   32|          32|          32|
    |add_ln117_57_fu_2513_p2   |     +    |      0|  0|   32|          31|          32|
    |add_ln117_58_fu_2519_p2   |     +    |      0|  0|   32|          32|          32|
    |add_ln117_59_fu_2525_p2   |     +    |      0|  0|   32|          32|          32|
    |add_ln117_5_fu_1081_p2    |     +    |      0|  0|   32|          31|          32|
    |add_ln117_60_fu_2599_p2   |     +    |      0|  0|   32|          32|          32|
    |add_ln117_61_fu_2605_p2   |     +    |      0|  0|   32|          31|          32|
    |add_ln117_62_fu_2611_p2   |     +    |      0|  0|   32|          32|          32|
    |add_ln117_63_fu_2617_p2   |     +    |      0|  0|   32|          32|          32|
    |add_ln117_64_fu_2691_p2   |     +    |      0|  0|   32|          32|          32|
    |add_ln117_65_fu_2697_p2   |     +    |      0|  0|   32|          31|          32|
    |add_ln117_66_fu_2703_p2   |     +    |      0|  0|   32|          32|          32|
    |add_ln117_67_fu_2709_p2   |     +    |      0|  0|   32|          32|          32|
    |add_ln117_68_fu_3499_p2   |     +    |      0|  0|   32|          32|          32|
    |add_ln117_69_fu_2743_p2   |     +    |      0|  0|   32|          31|          32|
    |add_ln117_6_fu_1087_p2    |     +    |      0|  0|   32|          32|          32|
    |add_ln117_70_fu_2749_p2   |     +    |      0|  0|   32|          32|          32|
    |add_ln117_71_fu_3505_p2   |     +    |      0|  0|   32|          32|          32|
    |add_ln117_72_fu_3560_p2   |     +    |      0|  0|   32|          32|          32|
    |add_ln117_73_fu_3566_p2   |     +    |      0|  0|   32|          31|          32|
    |add_ln117_74_fu_3571_p2   |     +    |      0|  0|   32|          32|          32|
    |add_ln117_75_fu_3576_p2   |     +    |      0|  0|   32|          32|          32|
    |add_ln117_76_fu_3634_p2   |     +    |      0|  0|   32|          32|          32|
    |add_ln117_77_fu_3640_p2   |     +    |      0|  0|   32|          31|          32|
    |add_ln117_78_fu_3645_p2   |     +    |      0|  0|   32|          32|          32|
    |add_ln117_79_fu_3651_p2   |     +    |      0|  0|   32|          32|          32|
    |add_ln117_7_fu_1093_p2    |     +    |      0|  0|   32|          32|          32|
    |add_ln117_8_fu_1151_p2    |     +    |      0|  0|   32|          32|          32|
    |add_ln117_9_fu_1155_p2    |     +    |      0|  0|   32|          31|          32|
    |add_ln117_fu_1003_p2      |     +    |      0|  0|   32|          32|          32|
    |add_ln121_10_fu_3882_p2   |     +    |      0|  0|   32|          32|          32|
    |add_ln121_11_fu_3888_p2   |     +    |      0|  0|   32|          32|          32|
    |add_ln121_12_fu_3950_p2   |     +    |      0|  0|   32|          32|          32|
    |add_ln121_13_fu_3956_p2   |     +    |      0|  0|   32|          31|          32|
    |add_ln121_14_fu_3961_p2   |     +    |      0|  0|   32|          32|          32|
    |add_ln121_15_fu_3967_p2   |     +    |      0|  0|   32|          32|          32|
    |add_ln121_16_fu_4122_p2   |     +    |      0|  0|   32|          32|          32|
    |add_ln121_17_fu_4001_p2   |     +    |      0|  0|   32|          31|          32|
    |add_ln121_18_fu_4006_p2   |     +    |      0|  0|   32|          32|          32|
    |add_ln121_19_fu_4128_p2   |     +    |      0|  0|   32|          32|          32|
    |add_ln121_1_fu_3719_p2    |     +    |      0|  0|   32|          31|          32|
    |add_ln121_20_fu_4172_p2   |     +    |      0|  0|   32|          32|          32|
    |add_ln121_21_fu_4178_p2   |     +    |      0|  0|   32|          31|          32|
    |add_ln121_22_fu_4183_p2   |     +    |      0|  0|   32|          32|          32|
    |add_ln121_23_fu_4188_p2   |     +    |      0|  0|   32|          32|          32|
    |add_ln121_24_fu_4234_p2   |     +    |      0|  0|   32|          32|          32|
    |add_ln121_25_fu_4240_p2   |     +    |      0|  0|   32|          31|          32|
    |add_ln121_26_fu_4245_p2   |     +    |      0|  0|   32|          32|          32|
    |add_ln121_27_fu_4251_p2   |     +    |      0|  0|   32|          32|          32|
    |add_ln121_28_fu_4313_p2   |     +    |      0|  0|   32|          32|          32|
    |add_ln121_29_fu_4319_p2   |     +    |      0|  0|   32|          31|          32|
    |add_ln121_2_fu_3724_p2    |     +    |      0|  0|   32|          32|          32|
    |add_ln121_30_fu_4324_p2   |     +    |      0|  0|   32|          32|          32|
    |add_ln121_31_fu_4330_p2   |     +    |      0|  0|   32|          32|          32|
    |add_ln121_32_fu_4392_p2   |     +    |      0|  0|   32|          32|          32|
    |add_ln121_33_fu_4398_p2   |     +    |      0|  0|   32|          31|          32|
    |add_ln121_34_fu_4403_p2   |     +    |      0|  0|   32|          32|          32|
    |add_ln121_35_fu_4409_p2   |     +    |      0|  0|   32|          32|          32|
    |add_ln121_36_fu_4471_p2   |     +    |      0|  0|   32|          32|          32|
    |add_ln121_37_fu_4477_p2   |     +    |      0|  0|   32|          31|          32|
    |add_ln121_38_fu_4482_p2   |     +    |      0|  0|   32|          32|          32|
    |add_ln121_39_fu_4488_p2   |     +    |      0|  0|   32|          32|          32|
    |add_ln121_3_fu_3730_p2    |     +    |      0|  0|   32|          32|          32|
    |add_ln121_40_fu_4550_p2   |     +    |      0|  0|   32|          32|          32|
    |add_ln121_41_fu_4556_p2   |     +    |      0|  0|   32|          31|          32|
    |add_ln121_42_fu_4561_p2   |     +    |      0|  0|   32|          32|          32|
    |add_ln121_43_fu_4567_p2   |     +    |      0|  0|   32|          32|          32|
    |add_ln121_44_fu_4692_p2   |     +    |      0|  0|   32|          32|          32|
    |add_ln121_45_fu_4601_p2   |     +    |      0|  0|   32|          31|          32|
    |add_ln121_46_fu_4606_p2   |     +    |      0|  0|   32|          32|          32|
    |add_ln121_47_fu_4698_p2   |     +    |      0|  0|   32|          32|          32|
    |add_ln121_48_fu_4742_p2   |     +    |      0|  0|   32|          32|          32|
    |add_ln121_49_fu_4748_p2   |     +    |      0|  0|   32|          31|          32|
    |add_ln121_4_fu_3792_p2    |     +    |      0|  0|   32|          32|          32|
    |add_ln121_50_fu_4753_p2   |     +    |      0|  0|   32|          32|          32|
    |add_ln121_51_fu_4758_p2   |     +    |      0|  0|   32|          32|          32|
    |add_ln121_52_fu_4804_p2   |     +    |      0|  0|   32|          32|          32|
    |add_ln121_53_fu_4810_p2   |     +    |      0|  0|   32|          31|          32|
    |add_ln121_54_fu_4815_p2   |     +    |      0|  0|   32|          32|          32|
    |add_ln121_55_fu_4821_p2   |     +    |      0|  0|   32|          32|          32|
    |add_ln121_56_fu_4883_p2   |     +    |      0|  0|   32|          32|          32|
    |add_ln121_57_fu_4889_p2   |     +    |      0|  0|   32|          31|          32|
    |add_ln121_58_fu_4894_p2   |     +    |      0|  0|   32|          32|          32|
    |add_ln121_59_fu_4900_p2   |     +    |      0|  0|   32|          32|          32|
    |add_ln121_5_fu_3798_p2    |     +    |      0|  0|   32|          31|          32|
    |add_ln121_60_fu_4962_p2   |     +    |      0|  0|   32|          32|          32|
    |add_ln121_61_fu_4968_p2   |     +    |      0|  0|   32|          31|          32|
    |add_ln121_62_fu_4973_p2   |     +    |      0|  0|   32|          32|          32|
    |add_ln121_63_fu_4979_p2   |     +    |      0|  0|   32|          32|          32|
    |add_ln121_64_fu_5041_p2   |     +    |      0|  0|   32|          32|          32|
    |add_ln121_65_fu_5047_p2   |     +    |      0|  0|   32|          31|          32|
    |add_ln121_66_fu_5052_p2   |     +    |      0|  0|   32|          32|          32|
    |add_ln121_67_fu_5058_p2   |     +    |      0|  0|   32|          32|          32|
    |add_ln121_68_fu_5120_p2   |     +    |      0|  0|   32|          32|          32|
    |add_ln121_69_fu_5126_p2   |     +    |      0|  0|   32|          31|          32|
    |add_ln121_6_fu_3803_p2    |     +    |      0|  0|   32|          32|          32|
    |add_ln121_70_fu_5131_p2   |     +    |      0|  0|   32|          32|          32|
    |add_ln121_71_fu_5137_p2   |     +    |      0|  0|   32|          32|          32|
    |add_ln121_72_fu_5232_p2   |     +    |      0|  0|   32|          32|          32|
    |add_ln121_73_fu_5171_p2   |     +    |      0|  0|   32|          31|          32|
    |add_ln121_74_fu_5176_p2   |     +    |      0|  0|   32|          32|          32|
    |add_ln121_75_fu_5238_p2   |     +    |      0|  0|   32|          32|          32|
    |add_ln121_76_fu_5282_p2   |     +    |      0|  0|   32|          32|          32|
    |add_ln121_77_fu_5288_p2   |     +    |      0|  0|   32|          31|          32|
    |add_ln121_78_fu_5293_p2   |     +    |      0|  0|   32|          32|          32|
    |add_ln121_79_fu_5298_p2   |     +    |      0|  0|   32|          32|          32|
    |add_ln121_7_fu_3809_p2    |     +    |      0|  0|   32|          32|          32|
    |add_ln121_8_fu_3871_p2    |     +    |      0|  0|   32|          32|          32|
    |add_ln121_9_fu_3877_p2    |     +    |      0|  0|   32|          31|          32|
    |add_ln121_fu_3713_p2      |     +    |      0|  0|   32|          32|          32|
    |add_ln125_10_fu_5549_p2   |     +    |      0|  0|   32|          32|          32|
    |add_ln125_11_fu_5555_p2   |     +    |      0|  0|   32|          32|          32|
    |add_ln125_12_fu_5629_p2   |     +    |      0|  0|   32|          32|          32|
    |add_ln125_13_fu_5635_p2   |     +    |      0|  0|   32|          32|          32|
    |add_ln125_14_fu_5640_p2   |     +    |      0|  0|   32|          32|          32|
    |add_ln125_15_fu_5646_p2   |     +    |      0|  0|   32|          32|          32|
    |add_ln125_16_fu_5720_p2   |     +    |      0|  0|   32|          32|          32|
    |add_ln125_17_fu_5726_p2   |     +    |      0|  0|   32|          32|          32|
    |add_ln125_18_fu_5731_p2   |     +    |      0|  0|   32|          32|          32|
    |add_ln125_19_fu_5737_p2   |     +    |      0|  0|   32|          32|          32|
    |add_ln125_1_fu_5362_p2    |     +    |      0|  0|   32|          32|          32|
    |add_ln125_20_fu_5843_p2   |     +    |      0|  0|   32|          32|          32|
    |add_ln125_21_fu_5771_p2   |     +    |      0|  0|   32|          32|          32|
    |add_ln125_22_fu_5776_p2   |     +    |      0|  0|   32|          32|          32|
    |add_ln125_23_fu_5849_p2   |     +    |      0|  0|   32|          32|          32|
    |add_ln125_24_fu_5905_p2   |     +    |      0|  0|   32|          32|          32|
    |add_ln125_25_fu_5911_p2   |     +    |      0|  0|   32|          32|          32|
    |add_ln125_26_fu_5915_p2   |     +    |      0|  0|   32|          32|          32|
    |add_ln125_27_fu_5921_p2   |     +    |      0|  0|   32|          32|          32|
    |add_ln125_28_fu_5979_p2   |     +    |      0|  0|   32|          32|          32|
    |add_ln125_29_fu_5985_p2   |     +    |      0|  0|   32|          32|          32|
    |add_ln125_2_fu_5367_p2    |     +    |      0|  0|   32|          32|          32|
    |add_ln125_30_fu_5990_p2   |     +    |      0|  0|   32|          32|          32|
    |add_ln125_31_fu_5996_p2   |     +    |      0|  0|   32|          32|          32|
    |add_ln125_32_fu_6070_p2   |     +    |      0|  0|   32|          32|          32|
    |add_ln125_33_fu_6076_p2   |     +    |      0|  0|   32|          32|          32|
    |add_ln125_34_fu_6081_p2   |     +    |      0|  0|   32|          32|          32|
    |add_ln125_35_fu_6087_p2   |     +    |      0|  0|   32|          32|          32|
    |add_ln125_36_fu_6161_p2   |     +    |      0|  0|   32|          32|          32|
    |add_ln125_37_fu_6167_p2   |     +    |      0|  0|   32|          32|          32|
    |add_ln125_38_fu_6172_p2   |     +    |      0|  0|   32|          32|          32|
    |add_ln125_39_fu_6178_p2   |     +    |      0|  0|   32|          32|          32|
    |add_ln125_3_fu_5373_p2    |     +    |      0|  0|   32|          32|          32|
    |add_ln125_40_fu_6252_p2   |     +    |      0|  0|   32|          32|          32|
    |add_ln125_41_fu_6258_p2   |     +    |      0|  0|   32|          32|          32|
    |add_ln125_42_fu_6263_p2   |     +    |      0|  0|   32|          32|          32|
    |add_ln125_43_fu_6269_p2   |     +    |      0|  0|   32|          32|          32|
    |add_ln125_44_fu_6343_p2   |     +    |      0|  0|   32|          32|          32|
    |add_ln125_45_fu_6349_p2   |     +    |      0|  0|   32|          32|          32|
    |add_ln125_46_fu_6354_p2   |     +    |      0|  0|   32|          32|          32|
    |add_ln125_47_fu_6360_p2   |     +    |      0|  0|   32|          32|          32|
    |add_ln125_48_fu_6466_p2   |     +    |      0|  0|   32|          32|          32|
    |add_ln125_49_fu_6394_p2   |     +    |      0|  0|   32|          32|          32|
    |add_ln125_4_fu_5447_p2    |     +    |      0|  0|   32|          32|          32|
    |add_ln125_50_fu_6399_p2   |     +    |      0|  0|   32|          32|          32|
    |add_ln125_51_fu_6472_p2   |     +    |      0|  0|   32|          32|          32|
    |add_ln125_52_fu_6528_p2   |     +    |      0|  0|   32|          32|          32|
    |add_ln125_53_fu_6534_p2   |     +    |      0|  0|   32|          32|          32|
    |add_ln125_54_fu_6538_p2   |     +    |      0|  0|   32|          32|          32|
    |add_ln125_55_fu_6544_p2   |     +    |      0|  0|   32|          32|          32|
    |add_ln125_56_fu_6602_p2   |     +    |      0|  0|   32|          32|          32|
    |add_ln125_57_fu_6608_p2   |     +    |      0|  0|   32|          32|          32|
    |add_ln125_58_fu_6613_p2   |     +    |      0|  0|   32|          32|          32|
    |add_ln125_59_fu_6619_p2   |     +    |      0|  0|   32|          32|          32|
    |add_ln125_5_fu_5453_p2    |     +    |      0|  0|   32|          32|          32|
    |add_ln125_60_fu_6693_p2   |     +    |      0|  0|   32|          32|          32|
    |add_ln125_61_fu_6699_p2   |     +    |      0|  0|   32|          32|          32|
    |add_ln125_62_fu_6704_p2   |     +    |      0|  0|   32|          32|          32|
    |add_ln125_63_fu_6710_p2   |     +    |      0|  0|   32|          32|          32|
    |add_ln125_64_fu_6784_p2   |     +    |      0|  0|   32|          32|          32|
    |add_ln125_65_fu_6790_p2   |     +    |      0|  0|   32|          32|          32|
    |add_ln125_66_fu_6795_p2   |     +    |      0|  0|   32|          32|          32|
    |add_ln125_67_fu_6801_p2   |     +    |      0|  0|   32|          32|          32|
    |add_ln125_68_fu_6875_p2   |     +    |      0|  0|   32|          32|          32|
    |add_ln125_69_fu_6881_p2   |     +    |      0|  0|   32|          32|          32|
    |add_ln125_6_fu_5458_p2    |     +    |      0|  0|   32|          32|          32|
    |add_ln125_70_fu_6886_p2   |     +    |      0|  0|   32|          32|          32|
    |add_ln125_71_fu_6892_p2   |     +    |      0|  0|   32|          32|          32|
    |add_ln125_72_fu_6966_p2   |     +    |      0|  0|   32|          32|          32|
    |add_ln125_73_fu_6972_p2   |     +    |      0|  0|   32|          32|          32|
    |add_ln125_74_fu_6977_p2   |     +    |      0|  0|   32|          32|          32|
    |add_ln125_75_fu_6983_p2   |     +    |      0|  0|   32|          32|          32|
    |add_ln125_76_fu_7089_p2   |     +    |      0|  0|   32|          32|          32|
    |add_ln125_77_fu_7017_p2   |     +    |      0|  0|   32|          32|          32|
    |add_ln125_78_fu_7022_p2   |     +    |      0|  0|   32|          32|          32|
    |add_ln125_79_fu_7095_p2   |     +    |      0|  0|   32|          32|          32|
    |add_ln125_7_fu_5464_p2    |     +    |      0|  0|   32|          32|          32|
    |add_ln125_8_fu_5538_p2    |     +    |      0|  0|   32|          32|          32|
    |add_ln125_9_fu_5544_p2    |     +    |      0|  0|   32|          32|          32|
    |add_ln125_fu_5356_p2      |     +    |      0|  0|   32|          32|          32|
    |add_ln129_10_fu_7291_p2   |     +    |      0|  0|   32|          32|          32|
    |add_ln129_11_fu_7297_p2   |     +    |      0|  0|   32|          32|          32|
    |add_ln129_12_fu_7359_p2   |     +    |      0|  0|   32|          32|          32|
    |add_ln129_13_fu_7365_p2   |     +    |      0|  0|   32|          31|          32|
    |add_ln129_14_fu_7370_p2   |     +    |      0|  0|   32|          32|          32|
    |add_ln129_15_fu_7376_p2   |     +    |      0|  0|   32|          32|          32|
    |add_ln129_16_fu_7438_p2   |     +    |      0|  0|   32|          32|          32|
    |add_ln129_17_fu_7444_p2   |     +    |      0|  0|   32|          31|          32|
    |add_ln129_18_fu_7449_p2   |     +    |      0|  0|   32|          32|          32|
    |add_ln129_19_fu_7455_p2   |     +    |      0|  0|   32|          32|          32|
    |add_ln129_1_fu_7145_p2    |     +    |      0|  0|   32|          31|          32|
    |add_ln129_20_fu_7517_p2   |     +    |      0|  0|   32|          32|          32|
    |add_ln129_21_fu_7523_p2   |     +    |      0|  0|   32|          31|          32|
    |add_ln129_22_fu_7528_p2   |     +    |      0|  0|   32|          32|          32|
    |add_ln129_23_fu_7534_p2   |     +    |      0|  0|   32|          32|          32|
    |add_ln129_24_fu_7629_p2   |     +    |      0|  0|   32|          32|          32|
    |add_ln129_25_fu_7568_p2   |     +    |      0|  0|   32|          31|          32|
    |add_ln129_26_fu_7573_p2   |     +    |      0|  0|   32|          32|          32|
    |add_ln129_27_fu_7635_p2   |     +    |      0|  0|   32|          32|          32|
    |add_ln129_28_fu_7679_p2   |     +    |      0|  0|   32|          32|          32|
    |add_ln129_29_fu_7685_p2   |     +    |      0|  0|   32|          31|          32|
    |add_ln129_2_fu_7150_p2    |     +    |      0|  0|   32|          32|          32|
    |add_ln129_30_fu_7690_p2   |     +    |      0|  0|   32|          32|          32|
    |add_ln129_31_fu_7695_p2   |     +    |      0|  0|   32|          32|          32|
    |add_ln129_32_fu_7741_p2   |     +    |      0|  0|   32|          32|          32|
    |add_ln129_33_fu_7747_p2   |     +    |      0|  0|   32|          31|          32|
    |add_ln129_34_fu_7752_p2   |     +    |      0|  0|   32|          32|          32|
    |add_ln129_35_fu_7758_p2   |     +    |      0|  0|   32|          32|          32|
    |add_ln129_36_fu_7820_p2   |     +    |      0|  0|   32|          32|          32|
    |add_ln129_37_fu_7826_p2   |     +    |      0|  0|   32|          31|          32|
    |add_ln129_38_fu_7831_p2   |     +    |      0|  0|   32|          32|          32|
    |add_ln129_39_fu_7837_p2   |     +    |      0|  0|   32|          32|          32|
    |add_ln129_3_fu_7155_p2    |     +    |      0|  0|   32|          32|          32|
    |add_ln129_40_fu_7899_p2   |     +    |      0|  0|   32|          32|          32|
    |add_ln129_41_fu_7905_p2   |     +    |      0|  0|   32|          31|          32|
    |add_ln129_42_fu_7910_p2   |     +    |      0|  0|   32|          32|          32|
    |add_ln129_43_fu_7916_p2   |     +    |      0|  0|   32|          32|          32|
    |add_ln129_44_fu_7978_p2   |     +    |      0|  0|   32|          32|          32|
    |add_ln129_45_fu_7984_p2   |     +    |      0|  0|   32|          31|          32|
    |add_ln129_46_fu_7989_p2   |     +    |      0|  0|   32|          32|          32|
    |add_ln129_47_fu_7995_p2   |     +    |      0|  0|   32|          32|          32|
    |add_ln129_48_fu_8057_p2   |     +    |      0|  0|   32|          32|          32|
    |add_ln129_49_fu_8063_p2   |     +    |      0|  0|   32|          31|          32|
    |add_ln129_4_fu_7201_p2    |     +    |      0|  0|   32|          32|          32|
    |add_ln129_50_fu_8068_p2   |     +    |      0|  0|   32|          32|          32|
    |add_ln129_51_fu_8074_p2   |     +    |      0|  0|   32|          32|          32|
    |add_ln129_52_fu_8193_p2   |     +    |      0|  0|   32|          32|          32|
    |add_ln129_53_fu_8128_p2   |     +    |      0|  0|   32|          31|          32|
    |add_ln129_54_fu_8133_p2   |     +    |      0|  0|   32|          32|          32|
    |add_ln129_55_fu_8198_p2   |     +    |      0|  0|   32|          32|          32|
    |add_ln129_56_fu_8225_p2   |     +    |      0|  0|   32|          32|          32|
    |add_ln129_57_fu_8230_p2   |     +    |      0|  0|   32|          31|          32|
    |add_ln129_58_fu_8235_p2   |     +    |      0|  0|   32|          32|          32|
    |add_ln129_59_fu_8240_p2   |     +    |      0|  0|   32|          32|          32|
    |add_ln129_5_fu_7207_p2    |     +    |      0|  0|   32|          31|          32|
    |add_ln129_60_fu_8285_p2   |     +    |      0|  0|   32|          32|          32|
    |add_ln129_61_fu_8290_p2   |     +    |      0|  0|   32|          31|          32|
    |add_ln129_62_fu_8295_p2   |     +    |      0|  0|   32|          32|          32|
    |add_ln129_63_fu_8301_p2   |     +    |      0|  0|   32|          32|          32|
    |add_ln129_64_fu_8363_p2   |     +    |      0|  0|   32|          32|          32|
    |add_ln129_65_fu_8368_p2   |     +    |      0|  0|   32|          31|          32|
    |add_ln129_66_fu_8373_p2   |     +    |      0|  0|   32|          32|          32|
    |add_ln129_67_fu_8379_p2   |     +    |      0|  0|   32|          32|          32|
    |add_ln129_68_fu_8441_p2   |     +    |      0|  0|   32|          32|          32|
    |add_ln129_69_fu_8446_p2   |     +    |      0|  0|   32|          31|          32|
    |add_ln129_6_fu_7212_p2    |     +    |      0|  0|   32|          32|          32|
    |add_ln129_70_fu_8452_p2   |     +    |      0|  0|   32|          32|          32|
    |add_ln129_71_fu_8458_p2   |     +    |      0|  0|   32|          32|          32|
    |add_ln129_72_fu_8520_p2   |     +    |      0|  0|   32|          32|          32|
    |add_ln129_73_fu_8525_p2   |     +    |      0|  0|   32|          31|          32|
    |add_ln129_74_fu_8531_p2   |     +    |      0|  0|   32|          32|          32|
    |add_ln129_75_fu_8537_p2   |     +    |      0|  0|   32|          32|          32|
    |add_ln129_7_fu_7218_p2    |     +    |      0|  0|   32|          32|          32|
    |add_ln129_8_fu_7280_p2    |     +    |      0|  0|   32|          32|          32|
    |add_ln129_9_fu_7286_p2    |     +    |      0|  0|   32|          31|          32|
    |add_ln129_fu_7139_p2      |     +    |      0|  0|   32|          32|          32|
    |add_ln132_1_fu_8621_p2    |     +    |      0|  0|   39|          32|          32|
    |add_ln132_2_fu_8655_p2    |     +    |      0|  0|   32|          32|          32|
    |add_ln132_3_fu_8626_p2    |     +    |      0|  0|   32|          31|          32|
    |add_ln132_4_fu_8632_p2    |     +    |      0|  0|   32|          32|          32|
    |add_ln132_fu_8659_p2      |     +    |      0|  0|   32|          32|          32|
    |add_ln133_fu_8665_p2      |     +    |      0|  0|   39|          32|          32|
    |add_ln134_fu_8638_p2      |     +    |      0|  0|   39|          32|          32|
    |add_ln135_fu_8644_p2      |     +    |      0|  0|   39|          32|          32|
    |add_ln136_fu_8649_p2      |     +    |      0|  0|   39|          32|          32|
    |and_ln117_10_fu_1834_p2   |    and   |      0|  0|   32|          32|          32|
    |and_ln117_11_fu_1892_p2   |    and   |      0|  0|   32|          32|          32|
    |and_ln117_12_fu_2304_p2   |    and   |      0|  0|   32|          32|          32|
    |and_ln117_13_fu_2393_p2   |    and   |      0|  0|   32|          32|          32|
    |and_ln117_14_fu_2483_p2   |    and   |      0|  0|   32|          32|          32|
    |and_ln117_15_fu_2575_p2   |    and   |      0|  0|   32|          32|          32|
    |and_ln117_16_fu_2667_p2   |    and   |      0|  0|   32|          32|          32|
    |and_ln117_17_fu_3478_p2   |    and   |      0|  0|   32|          32|          32|
    |and_ln117_18_fu_3538_p2   |    and   |      0|  0|   32|          32|          32|
    |and_ln117_19_fu_3610_p2   |    and   |      0|  0|   32|          32|          32|
    |and_ln117_1_fu_992_p2     |    and   |      0|  0|   32|          32|          32|
    |and_ln117_20_fu_1055_p2   |    and   |      0|  0|   32|          32|          32|
    |and_ln117_21_fu_1065_p2   |    and   |      0|  0|   32|          32|          32|
    |and_ln117_22_fu_1139_p2   |    and   |      0|  0|   32|          32|          32|
    |and_ln117_23_fu_1229_p2   |    and   |      0|  0|   32|          32|          32|
    |and_ln117_24_fu_1312_p2   |    and   |      0|  0|   32|          32|          32|
    |and_ln117_25_fu_1418_p2   |    and   |      0|  0|   32|          32|          32|
    |and_ln117_26_fu_1491_p2   |    and   |      0|  0|   32|          32|          32|
    |and_ln117_27_fu_1581_p2   |    and   |      0|  0|   32|          32|          32|
    |and_ln117_28_fu_1672_p2   |    and   |      0|  0|   32|          32|          32|
    |and_ln117_29_fu_1763_p2   |    and   |      0|  0|   32|          32|          32|
    |and_ln117_2_fu_1127_p2    |    and   |      0|  0|   32|          32|          32|
    |and_ln117_30_fu_1846_p2   |    and   |      0|  0|   32|          32|          32|
    |and_ln117_31_fu_1904_p2   |    and   |      0|  0|   32|          32|          32|
    |and_ln117_32_fu_2316_p2   |    and   |      0|  0|   32|          32|          32|
    |and_ln117_33_fu_2405_p2   |    and   |      0|  0|   32|          32|          32|
    |and_ln117_34_fu_2495_p2   |    and   |      0|  0|   32|          32|          32|
    |and_ln117_35_fu_2587_p2   |    and   |      0|  0|   32|          32|          32|
    |and_ln117_36_fu_2679_p2   |    and   |      0|  0|   32|          32|          32|
    |and_ln117_37_fu_3488_p2   |    and   |      0|  0|   32|          32|          32|
    |and_ln117_38_fu_3548_p2   |    and   |      0|  0|   32|          32|          32|
    |and_ln117_39_fu_3622_p2   |    and   |      0|  0|   32|          32|          32|
    |and_ln117_3_fu_1217_p2    |    and   |      0|  0|   32|          32|          32|
    |and_ln117_4_fu_1300_p2    |    and   |      0|  0|   32|          32|          32|
    |and_ln117_5_fu_1408_p2    |    and   |      0|  0|   32|          32|          32|
    |and_ln117_6_fu_1479_p2    |    and   |      0|  0|   32|          32|          32|
    |and_ln117_7_fu_1569_p2    |    and   |      0|  0|   32|          32|          32|
    |and_ln117_8_fu_1660_p2    |    and   |      0|  0|   32|          32|          32|
    |and_ln117_9_fu_1751_p2    |    and   |      0|  0|   32|          32|          32|
    |and_ln117_fu_983_p2       |    and   |      0|  0|   32|          32|          32|
    |and_ln125_10_fu_6234_p2   |    and   |      0|  0|   32|          32|          32|
    |and_ln125_11_fu_6325_p2   |    and   |      0|  0|   32|          32|          32|
    |and_ln125_12_fu_6450_p2   |    and   |      0|  0|   32|          32|          32|
    |and_ln125_13_fu_6511_p2   |    and   |      0|  0|   32|          32|          32|
    |and_ln125_14_fu_6584_p2   |    and   |      0|  0|   32|          32|          32|
    |and_ln125_15_fu_6675_p2   |    and   |      0|  0|   32|          32|          32|
    |and_ln125_16_fu_6766_p2   |    and   |      0|  0|   32|          32|          32|
    |and_ln125_17_fu_6857_p2   |    and   |      0|  0|   32|          32|          32|
    |and_ln125_18_fu_6948_p2   |    and   |      0|  0|   32|          32|          32|
    |and_ln125_19_fu_7073_p2   |    and   |      0|  0|   32|          32|          32|
    |and_ln125_1_fu_5344_p2    |    and   |      0|  0|   32|          32|          32|
    |and_ln125_20_fu_5429_p2   |    and   |      0|  0|   32|          32|          32|
    |and_ln125_21_fu_5435_p2   |    and   |      0|  0|   32|          32|          32|
    |and_ln125_22_fu_5526_p2   |    and   |      0|  0|   32|          32|          32|
    |and_ln125_23_fu_5617_p2   |    and   |      0|  0|   32|          32|          32|
    |and_ln125_24_fu_5708_p2   |    and   |      0|  0|   32|          32|          32|
    |and_ln125_25_fu_5832_p2   |    and   |      0|  0|   32|          32|          32|
    |and_ln125_26_fu_5893_p2   |    and   |      0|  0|   32|          32|          32|
    |and_ln125_27_fu_5967_p2   |    and   |      0|  0|   32|          32|          32|
    |and_ln125_28_fu_6058_p2   |    and   |      0|  0|   32|          32|          32|
    |and_ln125_29_fu_6149_p2   |    and   |      0|  0|   32|          32|          32|
    |and_ln125_2_fu_5520_p2    |    and   |      0|  0|   32|          32|          32|
    |and_ln125_30_fu_6240_p2   |    and   |      0|  0|   32|          32|          32|
    |and_ln125_31_fu_6331_p2   |    and   |      0|  0|   32|          32|          32|
    |and_ln125_32_fu_6455_p2   |    and   |      0|  0|   32|          32|          32|
    |and_ln125_33_fu_6516_p2   |    and   |      0|  0|   32|          32|          32|
    |and_ln125_34_fu_6590_p2   |    and   |      0|  0|   32|          32|          32|
    |and_ln125_35_fu_6681_p2   |    and   |      0|  0|   32|          32|          32|
    |and_ln125_36_fu_6772_p2   |    and   |      0|  0|   32|          32|          32|
    |and_ln125_37_fu_6863_p2   |    and   |      0|  0|   32|          32|          32|
    |and_ln125_38_fu_6954_p2   |    and   |      0|  0|   32|          32|          32|
    |and_ln125_39_fu_7078_p2   |    and   |      0|  0|   32|          32|          32|
    |and_ln125_3_fu_5611_p2    |    and   |      0|  0|   32|          32|          32|
    |and_ln125_4_fu_5702_p2    |    and   |      0|  0|   32|          32|          32|
    |and_ln125_5_fu_5827_p2    |    and   |      0|  0|   32|          32|          32|
    |and_ln125_6_fu_5888_p2    |    and   |      0|  0|   32|          32|          32|
    |and_ln125_7_fu_5961_p2    |    and   |      0|  0|   32|          32|          32|
    |and_ln125_8_fu_6052_p2    |    and   |      0|  0|   32|          32|          32|
    |and_ln125_9_fu_6143_p2    |    and   |      0|  0|   32|          32|          32|
    |and_ln125_fu_5338_p2      |    and   |      0|  0|   32|          32|          32|
    |or_ln117_20_fu_1070_p2    |    or    |      0|  0|   32|          32|          32|
    |or_ln117_22_fu_1145_p2    |    or    |      0|  0|   32|          32|          32|
    |or_ln117_24_fu_1235_p2    |    or    |      0|  0|   32|          32|          32|
    |or_ln117_26_fu_1318_p2    |    or    |      0|  0|   32|          32|          32|
    |or_ln117_28_fu_1423_p2    |    or    |      0|  0|   32|          32|          32|
    |or_ln117_30_fu_1497_p2    |    or    |      0|  0|   32|          32|          32|
    |or_ln117_32_fu_1587_p2    |    or    |      0|  0|   32|          32|          32|
    |or_ln117_34_fu_1678_p2    |    or    |      0|  0|   32|          32|          32|
    |or_ln117_36_fu_1769_p2    |    or    |      0|  0|   32|          32|          32|
    |or_ln117_38_fu_1852_p2    |    or    |      0|  0|   32|          32|          32|
    |or_ln117_40_fu_1910_p2    |    or    |      0|  0|   32|          32|          32|
    |or_ln117_42_fu_2321_p2    |    or    |      0|  0|   32|          32|          32|
    |or_ln117_44_fu_2411_p2    |    or    |      0|  0|   32|          32|          32|
    |or_ln117_46_fu_2501_p2    |    or    |      0|  0|   32|          32|          32|
    |or_ln117_48_fu_2593_p2    |    or    |      0|  0|   32|          32|          32|
    |or_ln117_50_fu_2685_p2    |    or    |      0|  0|   32|          32|          32|
    |or_ln117_52_fu_3493_p2    |    or    |      0|  0|   32|          32|          32|
    |or_ln117_54_fu_3554_p2    |    or    |      0|  0|   32|          32|          32|
    |or_ln117_56_fu_3628_p2    |    or    |      0|  0|   32|          32|          32|
    |or_ln117_fu_997_p2        |    or    |      0|  0|   32|          32|          32|
    |or_ln125_1_fu_5350_p2     |    or    |      0|  0|   32|          32|          32|
    |or_ln125_20_fu_5423_p2    |    or    |      0|  0|   32|          32|          32|
    |or_ln125_21_fu_5441_p2    |    or    |      0|  0|   32|          32|          32|
    |or_ln125_24_fu_5514_p2    |    or    |      0|  0|   32|          32|          32|
    |or_ln125_25_fu_5532_p2    |    or    |      0|  0|   32|          32|          32|
    |or_ln125_27_fu_5605_p2    |    or    |      0|  0|   32|          32|          32|
    |or_ln125_28_fu_5623_p2    |    or    |      0|  0|   32|          32|          32|
    |or_ln125_30_fu_5696_p2    |    or    |      0|  0|   32|          32|          32|
    |or_ln125_31_fu_5714_p2    |    or    |      0|  0|   32|          32|          32|
    |or_ln125_33_fu_5822_p2    |    or    |      0|  0|   32|          32|          32|
    |or_ln125_34_fu_5837_p2    |    or    |      0|  0|   32|          32|          32|
    |or_ln125_36_fu_5882_p2    |    or    |      0|  0|   32|          32|          32|
    |or_ln125_37_fu_5899_p2    |    or    |      0|  0|   32|          32|          32|
    |or_ln125_39_fu_5955_p2    |    or    |      0|  0|   32|          32|          32|
    |or_ln125_40_fu_5973_p2    |    or    |      0|  0|   32|          32|          32|
    |or_ln125_42_fu_6046_p2    |    or    |      0|  0|   32|          32|          32|
    |or_ln125_43_fu_6064_p2    |    or    |      0|  0|   32|          32|          32|
    |or_ln125_45_fu_6137_p2    |    or    |      0|  0|   32|          32|          32|
    |or_ln125_46_fu_6155_p2    |    or    |      0|  0|   32|          32|          32|
    |or_ln125_48_fu_6228_p2    |    or    |      0|  0|   32|          32|          32|
    |or_ln125_49_fu_6246_p2    |    or    |      0|  0|   32|          32|          32|
    |or_ln125_51_fu_6319_p2    |    or    |      0|  0|   32|          32|          32|
    |or_ln125_52_fu_6337_p2    |    or    |      0|  0|   32|          32|          32|
    |or_ln125_54_fu_6445_p2    |    or    |      0|  0|   32|          32|          32|
    |or_ln125_55_fu_6460_p2    |    or    |      0|  0|   32|          32|          32|
    |or_ln125_57_fu_6505_p2    |    or    |      0|  0|   32|          32|          32|
    |or_ln125_58_fu_6522_p2    |    or    |      0|  0|   32|          32|          32|
    |or_ln125_60_fu_6578_p2    |    or    |      0|  0|   32|          32|          32|
    |or_ln125_61_fu_6596_p2    |    or    |      0|  0|   32|          32|          32|
    |or_ln125_63_fu_6669_p2    |    or    |      0|  0|   32|          32|          32|
    |or_ln125_64_fu_6687_p2    |    or    |      0|  0|   32|          32|          32|
    |or_ln125_66_fu_6760_p2    |    or    |      0|  0|   32|          32|          32|
    |or_ln125_67_fu_6778_p2    |    or    |      0|  0|   32|          32|          32|
    |or_ln125_69_fu_6851_p2    |    or    |      0|  0|   32|          32|          32|
    |or_ln125_70_fu_6869_p2    |    or    |      0|  0|   32|          32|          32|
    |or_ln125_72_fu_6942_p2    |    or    |      0|  0|   32|          32|          32|
    |or_ln125_73_fu_6960_p2    |    or    |      0|  0|   32|          32|          32|
    |or_ln125_75_fu_7068_p2    |    or    |      0|  0|   32|          32|          32|
    |or_ln125_76_fu_7083_p2    |    or    |      0|  0|   32|          32|          32|
    |or_ln125_fu_5332_p2       |    or    |      0|  0|   32|          32|          32|
    |xor_ln107_100_fu_3020_p2  |    xor   |      0|  0|   32|          32|          32|
    |xor_ln107_101_fu_3026_p2  |    xor   |      0|  0|   32|          32|          32|
    |xor_ln107_102_fu_3032_p2  |    xor   |      0|  0|   32|          32|          32|
    |xor_ln107_103_fu_3038_p2  |    xor   |      0|  0|   32|          32|          32|
    |xor_ln107_104_fu_3044_p2  |    xor   |      0|  0|   32|          32|          32|
    |xor_ln107_105_fu_3050_p2  |    xor   |      0|  0|   32|          32|          32|
    |xor_ln107_106_fu_3056_p2  |    xor   |      0|  0|   32|          32|          32|
    |xor_ln107_107_fu_3062_p2  |    xor   |      0|  0|   32|          32|          32|
    |xor_ln107_108_fu_3068_p2  |    xor   |      0|  0|   32|          32|          32|
    |xor_ln107_109_fu_3074_p2  |    xor   |      0|  0|   32|          32|          32|
    |xor_ln107_10_fu_1980_p2   |    xor   |      0|  0|   32|          32|          32|
    |xor_ln107_110_fu_3080_p2  |    xor   |      0|  0|   32|          32|          32|
    |xor_ln107_111_fu_3086_p2  |    xor   |      0|  0|   32|          32|          32|
    |xor_ln107_112_fu_3092_p2  |    xor   |      0|  0|   32|          32|          32|
    |xor_ln107_113_fu_3098_p2  |    xor   |      0|  0|   32|          32|          32|
    |xor_ln107_114_fu_3104_p2  |    xor   |      0|  0|   32|          32|          32|
    |xor_ln107_115_fu_3110_p2  |    xor   |      0|  0|   32|          32|          32|
    |xor_ln107_116_fu_3116_p2  |    xor   |      0|  0|   32|          32|          32|
    |xor_ln107_117_fu_3122_p2  |    xor   |      0|  0|   32|          32|          32|
    |xor_ln107_118_fu_3128_p2  |    xor   |      0|  0|   32|          32|          32|
    |xor_ln107_119_fu_3134_p2  |    xor   |      0|  0|   32|          32|          32|
    |xor_ln107_11_fu_1985_p2   |    xor   |      0|  0|   32|          32|          32|
    |xor_ln107_120_fu_3140_p2  |    xor   |      0|  0|   32|          32|          32|
    |xor_ln107_121_fu_3146_p2  |    xor   |      0|  0|   32|          32|          32|
    |xor_ln107_122_fu_3152_p2  |    xor   |      0|  0|   32|          32|          32|
    |xor_ln107_123_fu_3158_p2  |    xor   |      0|  0|   32|          32|          32|
    |xor_ln107_124_fu_3164_p2  |    xor   |      0|  0|   32|          32|          32|
    |xor_ln107_125_fu_3170_p2  |    xor   |      0|  0|   32|          32|          32|
    |xor_ln107_126_fu_3176_p2  |    xor   |      0|  0|   32|          32|          32|
    |xor_ln107_127_fu_3182_p2  |    xor   |      0|  0|   32|          32|          32|
    |xor_ln107_128_fu_3188_p2  |    xor   |      0|  0|   32|          32|          32|
    |xor_ln107_129_fu_3194_p2  |    xor   |      0|  0|   32|          32|          32|
    |xor_ln107_12_fu_1991_p2   |    xor   |      0|  0|   32|          32|          32|
    |xor_ln107_130_fu_3200_p2  |    xor   |      0|  0|   32|          32|          32|
    |xor_ln107_131_fu_3206_p2  |    xor   |      0|  0|   32|          32|          32|
    |xor_ln107_132_fu_3212_p2  |    xor   |      0|  0|   32|          32|          32|
    |xor_ln107_133_fu_3218_p2  |    xor   |      0|  0|   32|          32|          32|
    |xor_ln107_134_fu_3224_p2  |    xor   |      0|  0|   32|          32|          32|
    |xor_ln107_135_fu_3230_p2  |    xor   |      0|  0|   32|          32|          32|
    |xor_ln107_136_fu_3236_p2  |    xor   |      0|  0|   32|          32|          32|
    |xor_ln107_137_fu_3242_p2  |    xor   |      0|  0|   32|          32|          32|
    |xor_ln107_138_fu_3248_p2  |    xor   |      0|  0|   32|          32|          32|
    |xor_ln107_139_fu_3254_p2  |    xor   |      0|  0|   32|          32|          32|
    |xor_ln107_13_fu_1995_p2   |    xor   |      0|  0|   32|          32|          32|
    |xor_ln107_140_fu_3260_p2  |    xor   |      0|  0|   32|          32|          32|
    |xor_ln107_141_fu_3266_p2  |    xor   |      0|  0|   32|          32|          32|
    |xor_ln107_142_fu_3272_p2  |    xor   |      0|  0|   32|          32|          32|
    |xor_ln107_143_fu_3278_p2  |    xor   |      0|  0|   32|          32|          32|
    |xor_ln107_144_fu_3284_p2  |    xor   |      0|  0|   32|          32|          32|
    |xor_ln107_145_fu_3290_p2  |    xor   |      0|  0|   32|          32|          32|
    |xor_ln107_146_fu_3296_p2  |    xor   |      0|  0|   32|          32|          32|
    |xor_ln107_147_fu_3302_p2  |    xor   |      0|  0|   32|          32|          32|
    |xor_ln107_148_fu_3308_p2  |    xor   |      0|  0|   32|          32|          32|
    |xor_ln107_149_fu_3314_p2  |    xor   |      0|  0|   32|          32|          32|
    |xor_ln107_14_fu_2000_p2   |    xor   |      0|  0|   32|          32|          32|
    |xor_ln107_150_fu_3320_p2  |    xor   |      0|  0|   32|          32|          32|
    |xor_ln107_151_fu_3326_p2  |    xor   |      0|  0|   32|          32|          32|
    |xor_ln107_152_fu_3332_p2  |    xor   |      0|  0|   32|          32|          32|
    |xor_ln107_153_fu_3338_p2  |    xor   |      0|  0|   32|          32|          32|
    |xor_ln107_154_fu_3344_p2  |    xor   |      0|  0|   32|          32|          32|
    |xor_ln107_155_fu_3350_p2  |    xor   |      0|  0|   32|          32|          32|
    |xor_ln107_156_fu_3356_p2  |    xor   |      0|  0|   32|          32|          32|
    |xor_ln107_157_fu_3362_p2  |    xor   |      0|  0|   32|          32|          32|
    |xor_ln107_158_fu_3368_p2  |    xor   |      0|  0|   32|          32|          32|
    |xor_ln107_159_fu_3374_p2  |    xor   |      0|  0|   32|          32|          32|
    |xor_ln107_15_fu_2006_p2   |    xor   |      0|  0|   32|          32|          32|
    |xor_ln107_160_fu_3380_p2  |    xor   |      0|  0|   32|          32|          32|
    |xor_ln107_161_fu_3386_p2  |    xor   |      0|  0|   32|          32|          32|
    |xor_ln107_162_fu_4040_p2  |    xor   |      0|  0|   32|          32|          32|
    |xor_ln107_163_fu_4044_p2  |    xor   |      0|  0|   32|          32|          32|
    |xor_ln107_164_fu_4048_p2  |    xor   |      0|  0|   32|          32|          32|
    |xor_ln107_165_fu_3392_p2  |    xor   |      0|  0|   32|          32|          32|
    |xor_ln107_166_fu_3398_p2  |    xor   |      0|  0|   32|          32|          32|
    |xor_ln107_167_fu_3404_p2  |    xor   |      0|  0|   32|          32|          32|
    |xor_ln107_168_fu_3410_p2  |    xor   |      0|  0|   32|          32|          32|
    |xor_ln107_169_fu_3416_p2  |    xor   |      0|  0|   32|          32|          32|
    |xor_ln107_16_fu_2010_p2   |    xor   |      0|  0|   32|          32|          32|
    |xor_ln107_170_fu_3422_p2  |    xor   |      0|  0|   32|          32|          32|
    |xor_ln107_171_fu_4054_p2  |    xor   |      0|  0|   32|          32|          32|
    |xor_ln107_172_fu_4059_p2  |    xor   |      0|  0|   32|          32|          32|
    |xor_ln107_173_fu_4063_p2  |    xor   |      0|  0|   32|          32|          32|
    |xor_ln107_174_fu_3428_p2  |    xor   |      0|  0|   32|          32|          32|
    |xor_ln107_175_fu_3434_p2  |    xor   |      0|  0|   32|          32|          32|
    |xor_ln107_176_fu_3440_p2  |    xor   |      0|  0|   32|          32|          32|
    |xor_ln107_177_fu_3447_p2  |    xor   |      0|  0|   32|          32|          32|
    |xor_ln107_178_fu_3453_p2  |    xor   |      0|  0|   32|          32|          32|
    |xor_ln107_179_fu_3459_p2  |    xor   |      0|  0|   32|          32|          32|
    |xor_ln107_17_fu_2015_p2   |    xor   |      0|  0|   32|          32|          32|
    |xor_ln107_180_fu_4069_p2  |    xor   |      0|  0|   32|          32|          32|
    |xor_ln107_181_fu_4074_p2  |    xor   |      0|  0|   32|          32|          32|
    |xor_ln107_182_fu_4078_p2  |    xor   |      0|  0|   32|          32|          32|
    |xor_ln107_183_fu_4085_p2  |    xor   |      0|  0|   32|          32|          32|
    |xor_ln107_184_fu_4089_p2  |    xor   |      0|  0|   32|          32|          32|
    |xor_ln107_185_fu_4093_p2  |    xor   |      0|  0|   32|          32|          32|
    |xor_ln107_186_fu_4640_p2  |    xor   |      0|  0|   32|          32|          32|
    |xor_ln107_187_fu_4644_p2  |    xor   |      0|  0|   32|          32|          32|
    |xor_ln107_188_fu_4648_p2  |    xor   |      0|  0|   32|          32|          32|
    |xor_ln107_189_fu_4655_p2  |    xor   |      0|  0|   32|          32|          32|
    |xor_ln107_18_fu_2021_p2   |    xor   |      0|  0|   32|          32|          32|
    |xor_ln107_190_fu_4659_p2  |    xor   |      0|  0|   32|          32|          32|
    |xor_ln107_191_fu_4663_p2  |    xor   |      0|  0|   32|          32|          32|
    |xor_ln107_19_fu_2026_p2   |    xor   |      0|  0|   32|          32|          32|
    |xor_ln107_1_fu_1934_p2    |    xor   |      0|  0|   32|          32|          32|
    |xor_ln107_20_fu_2031_p2   |    xor   |      0|  0|   32|          32|          32|
    |xor_ln107_21_fu_2037_p2   |    xor   |      0|  0|   32|          32|          32|
    |xor_ln107_22_fu_2042_p2   |    xor   |      0|  0|   32|          32|          32|
    |xor_ln107_23_fu_2047_p2   |    xor   |      0|  0|   32|          32|          32|
    |xor_ln107_24_fu_2053_p2   |    xor   |      0|  0|   32|          32|          32|
    |xor_ln107_25_fu_2057_p2   |    xor   |      0|  0|   32|          32|          32|
    |xor_ln107_26_fu_2063_p2   |    xor   |      0|  0|   32|          32|          32|
    |xor_ln107_27_fu_2069_p2   |    xor   |      0|  0|   32|          32|          32|
    |xor_ln107_28_fu_2073_p2   |    xor   |      0|  0|   32|          32|          32|
    |xor_ln107_29_fu_2079_p2   |    xor   |      0|  0|   32|          32|          32|
    |xor_ln107_2_fu_1939_p2    |    xor   |      0|  0|   32|          32|          32|
    |xor_ln107_30_fu_2085_p2   |    xor   |      0|  0|   32|          32|          32|
    |xor_ln107_31_fu_2089_p2   |    xor   |      0|  0|   32|          32|          32|
    |xor_ln107_32_fu_2095_p2   |    xor   |      0|  0|   32|          32|          32|
    |xor_ln107_33_fu_2101_p2   |    xor   |      0|  0|   32|          32|          32|
    |xor_ln107_34_fu_2105_p2   |    xor   |      0|  0|   32|          32|          32|
    |xor_ln107_35_fu_2111_p2   |    xor   |      0|  0|   32|          32|          32|
    |xor_ln107_36_fu_2117_p2   |    xor   |      0|  0|   32|          32|          32|
    |xor_ln107_37_fu_2122_p2   |    xor   |      0|  0|   32|          32|          32|
    |xor_ln107_38_fu_2128_p2   |    xor   |      0|  0|   32|          32|          32|
    |xor_ln107_39_fu_2134_p2   |    xor   |      0|  0|   32|          32|          32|
    |xor_ln107_3_fu_1945_p2    |    xor   |      0|  0|   32|          32|          32|
    |xor_ln107_40_fu_2139_p2   |    xor   |      0|  0|   32|          32|          32|
    |xor_ln107_41_fu_2145_p2   |    xor   |      0|  0|   32|          32|          32|
    |xor_ln107_42_fu_2151_p2   |    xor   |      0|  0|   32|          32|          32|
    |xor_ln107_43_fu_2157_p2   |    xor   |      0|  0|   32|          32|          32|
    |xor_ln107_44_fu_2163_p2   |    xor   |      0|  0|   32|          32|          32|
    |xor_ln107_45_fu_2169_p2   |    xor   |      0|  0|   32|          32|          32|
    |xor_ln107_46_fu_2175_p2   |    xor   |      0|  0|   32|          32|          32|
    |xor_ln107_47_fu_2181_p2   |    xor   |      0|  0|   32|          32|          32|
    |xor_ln107_48_fu_2187_p2   |    xor   |      0|  0|   32|          32|          32|
    |xor_ln107_49_fu_2783_p2   |    xor   |      0|  0|   32|          32|          32|
    |xor_ln107_4_fu_1950_p2    |    xor   |      0|  0|   32|          32|          32|
    |xor_ln107_50_fu_2787_p2   |    xor   |      0|  0|   32|          32|          32|
    |xor_ln107_51_fu_2193_p2   |    xor   |      0|  0|   32|          32|          32|
    |xor_ln107_52_fu_2792_p2   |    xor   |      0|  0|   32|          32|          32|
    |xor_ln107_53_fu_2796_p2   |    xor   |      0|  0|   32|          32|          32|
    |xor_ln107_54_fu_2801_p2   |    xor   |      0|  0|   32|          32|          32|
    |xor_ln107_55_fu_2805_p2   |    xor   |      0|  0|   32|          32|          32|
    |xor_ln107_56_fu_2809_p2   |    xor   |      0|  0|   32|          32|          32|
    |xor_ln107_57_fu_2199_p2   |    xor   |      0|  0|   32|          32|          32|
    |xor_ln107_58_fu_2815_p2   |    xor   |      0|  0|   32|          32|          32|
    |xor_ln107_59_fu_2819_p2   |    xor   |      0|  0|   32|          32|          32|
    |xor_ln107_5_fu_1955_p2    |    xor   |      0|  0|   32|          32|          32|
    |xor_ln107_60_fu_2205_p2   |    xor   |      0|  0|   32|          32|          32|
    |xor_ln107_61_fu_2824_p2   |    xor   |      0|  0|   32|          32|          32|
    |xor_ln107_62_fu_2828_p2   |    xor   |      0|  0|   32|          32|          32|
    |xor_ln107_63_fu_2833_p2   |    xor   |      0|  0|   32|          32|          32|
    |xor_ln107_64_fu_2838_p2   |    xor   |      0|  0|   32|          32|          32|
    |xor_ln107_65_fu_2842_p2   |    xor   |      0|  0|   32|          32|          32|
    |xor_ln107_66_fu_2848_p2   |    xor   |      0|  0|   32|          32|          32|
    |xor_ln107_67_fu_2852_p2   |    xor   |      0|  0|   32|          32|          32|
    |xor_ln107_68_fu_2856_p2   |    xor   |      0|  0|   32|          32|          32|
    |xor_ln107_69_fu_2211_p2   |    xor   |      0|  0|   32|          32|          32|
    |xor_ln107_6_fu_1961_p2    |    xor   |      0|  0|   32|          32|          32|
    |xor_ln107_70_fu_2862_p2   |    xor   |      0|  0|   32|          32|          32|
    |xor_ln107_71_fu_2866_p2   |    xor   |      0|  0|   32|          32|          32|
    |xor_ln107_72_fu_2871_p2   |    xor   |      0|  0|   32|          32|          32|
    |xor_ln107_73_fu_2876_p2   |    xor   |      0|  0|   32|          32|          32|
    |xor_ln107_74_fu_2880_p2   |    xor   |      0|  0|   32|          32|          32|
    |xor_ln107_75_fu_2886_p2   |    xor   |      0|  0|   32|          32|          32|
    |xor_ln107_76_fu_2891_p2   |    xor   |      0|  0|   32|          32|          32|
    |xor_ln107_77_fu_2895_p2   |    xor   |      0|  0|   32|          32|          32|
    |xor_ln107_78_fu_2901_p2   |    xor   |      0|  0|   32|          32|          32|
    |xor_ln107_79_fu_2906_p2   |    xor   |      0|  0|   32|          32|          32|
    |xor_ln107_7_fu_1966_p2    |    xor   |      0|  0|   32|          32|          32|
    |xor_ln107_80_fu_2911_p2   |    xor   |      0|  0|   32|          32|          32|
    |xor_ln107_81_fu_2917_p2   |    xor   |      0|  0|   32|          32|          32|
    |xor_ln107_82_fu_2922_p2   |    xor   |      0|  0|   32|          32|          32|
    |xor_ln107_83_fu_2926_p2   |    xor   |      0|  0|   32|          32|          32|
    |xor_ln107_84_fu_2932_p2   |    xor   |      0|  0|   32|          32|          32|
    |xor_ln107_85_fu_2937_p2   |    xor   |      0|  0|   32|          32|          32|
    |xor_ln107_86_fu_2941_p2   |    xor   |      0|  0|   32|          32|          32|
    |xor_ln107_87_fu_2947_p2   |    xor   |      0|  0|   32|          32|          32|
    |xor_ln107_88_fu_2952_p2   |    xor   |      0|  0|   32|          32|          32|
    |xor_ln107_89_fu_2957_p2   |    xor   |      0|  0|   32|          32|          32|
    |xor_ln107_8_fu_1970_p2    |    xor   |      0|  0|   32|          32|          32|
    |xor_ln107_90_fu_2963_p2   |    xor   |      0|  0|   32|          32|          32|
    |xor_ln107_91_fu_2969_p2   |    xor   |      0|  0|   32|          32|          32|
    |xor_ln107_92_fu_2974_p2   |    xor   |      0|  0|   32|          32|          32|
    |xor_ln107_93_fu_2980_p2   |    xor   |      0|  0|   32|          32|          32|
    |xor_ln107_94_fu_2986_p2   |    xor   |      0|  0|   32|          32|          32|
    |xor_ln107_95_fu_2990_p2   |    xor   |      0|  0|   32|          32|          32|
    |xor_ln107_96_fu_2996_p2   |    xor   |      0|  0|   32|          32|          32|
    |xor_ln107_97_fu_3002_p2   |    xor   |      0|  0|   32|          32|          32|
    |xor_ln107_98_fu_3008_p2   |    xor   |      0|  0|   32|          32|          32|
    |xor_ln107_99_fu_3014_p2   |    xor   |      0|  0|   32|          32|          32|
    |xor_ln107_9_fu_1976_p2    |    xor   |      0|  0|   32|          32|          32|
    |xor_ln107_fu_1930_p2      |    xor   |      0|  0|   32|          32|          32|
    |xor_ln117_10_fu_1840_p2   |    xor   |      0|  0|   32|           2|          32|
    |xor_ln117_11_fu_1898_p2   |    xor   |      0|  0|   32|           2|          32|
    |xor_ln117_12_fu_2310_p2   |    xor   |      0|  0|   32|           2|          32|
    |xor_ln117_13_fu_2399_p2   |    xor   |      0|  0|   32|           2|          32|
    |xor_ln117_14_fu_2489_p2   |    xor   |      0|  0|   32|           2|          32|
    |xor_ln117_15_fu_2581_p2   |    xor   |      0|  0|   32|           2|          32|
    |xor_ln117_16_fu_2673_p2   |    xor   |      0|  0|   32|           2|          32|
    |xor_ln117_17_fu_3483_p2   |    xor   |      0|  0|   32|           2|          32|
    |xor_ln117_18_fu_3543_p2   |    xor   |      0|  0|   32|           2|          32|
    |xor_ln117_19_fu_3616_p2   |    xor   |      0|  0|   32|           2|          32|
    |xor_ln117_1_fu_1060_p2    |    xor   |      0|  0|   32|           2|          32|
    |xor_ln117_2_fu_1133_p2    |    xor   |      0|  0|   32|           2|          32|
    |xor_ln117_3_fu_1223_p2    |    xor   |      0|  0|   32|           2|          32|
    |xor_ln117_4_fu_1306_p2    |    xor   |      0|  0|   32|           2|          32|
    |xor_ln117_5_fu_1413_p2    |    xor   |      0|  0|   32|           2|          32|
    |xor_ln117_6_fu_1485_p2    |    xor   |      0|  0|   32|           2|          32|
    |xor_ln117_7_fu_1575_p2    |    xor   |      0|  0|   32|           2|          32|
    |xor_ln117_8_fu_1666_p2    |    xor   |      0|  0|   32|           2|          32|
    |xor_ln117_9_fu_1757_p2    |    xor   |      0|  0|   32|           2|          32|
    |xor_ln117_fu_987_p2       |    xor   |      0|  0|   32|           2|          32|
    |xor_ln121_10_fu_4161_p2   |    xor   |      0|  0|   32|          32|          32|
    |xor_ln121_11_fu_4166_p2   |    xor   |      0|  0|   32|          32|          32|
    |xor_ln121_12_fu_4222_p2   |    xor   |      0|  0|   32|          32|          32|
    |xor_ln121_13_fu_4228_p2   |    xor   |      0|  0|   32|          32|          32|
    |xor_ln121_14_fu_4301_p2   |    xor   |      0|  0|   32|          32|          32|
    |xor_ln121_15_fu_4307_p2   |    xor   |      0|  0|   32|          32|          32|
    |xor_ln121_16_fu_4380_p2   |    xor   |      0|  0|   32|          32|          32|
    |xor_ln121_17_fu_4386_p2   |    xor   |      0|  0|   32|          32|          32|
    |xor_ln121_18_fu_4459_p2   |    xor   |      0|  0|   32|          32|          32|
    |xor_ln121_19_fu_4465_p2   |    xor   |      0|  0|   32|          32|          32|
    |xor_ln121_1_fu_3707_p2    |    xor   |      0|  0|   32|          32|          32|
    |xor_ln121_20_fu_4538_p2   |    xor   |      0|  0|   32|          32|          32|
    |xor_ln121_21_fu_4544_p2   |    xor   |      0|  0|   32|          32|          32|
    |xor_ln121_22_fu_4682_p2   |    xor   |      0|  0|   32|          32|          32|
    |xor_ln121_23_fu_4686_p2   |    xor   |      0|  0|   32|          32|          32|
    |xor_ln121_24_fu_4731_p2   |    xor   |      0|  0|   32|          32|          32|
    |xor_ln121_25_fu_4736_p2   |    xor   |      0|  0|   32|          32|          32|
    |xor_ln121_26_fu_4792_p2   |    xor   |      0|  0|   32|          32|          32|
    |xor_ln121_27_fu_4798_p2   |    xor   |      0|  0|   32|          32|          32|
    |xor_ln121_28_fu_4871_p2   |    xor   |      0|  0|   32|          32|          32|
    |xor_ln121_29_fu_4877_p2   |    xor   |      0|  0|   32|          32|          32|
    |xor_ln121_2_fu_3780_p2    |    xor   |      0|  0|   32|          32|          32|
    |xor_ln121_30_fu_4950_p2   |    xor   |      0|  0|   32|          32|          32|
    |xor_ln121_31_fu_4956_p2   |    xor   |      0|  0|   32|          32|          32|
    |xor_ln121_32_fu_5029_p2   |    xor   |      0|  0|   32|          32|          32|
    |xor_ln121_33_fu_5035_p2   |    xor   |      0|  0|   32|          32|          32|
    |xor_ln121_34_fu_5108_p2   |    xor   |      0|  0|   32|          32|          32|
    |xor_ln121_35_fu_5114_p2   |    xor   |      0|  0|   32|          32|          32|
    |xor_ln121_36_fu_5222_p2   |    xor   |      0|  0|   32|          32|          32|
    |xor_ln121_37_fu_5226_p2   |    xor   |      0|  0|   32|          32|          32|
    |xor_ln121_38_fu_5271_p2   |    xor   |      0|  0|   32|          32|          32|
    |xor_ln121_39_fu_5276_p2   |    xor   |      0|  0|   32|          32|          32|
    |xor_ln121_3_fu_3786_p2    |    xor   |      0|  0|   32|          32|          32|
    |xor_ln121_4_fu_3859_p2    |    xor   |      0|  0|   32|          32|          32|
    |xor_ln121_5_fu_3865_p2    |    xor   |      0|  0|   32|          32|          32|
    |xor_ln121_6_fu_3938_p2    |    xor   |      0|  0|   32|          32|          32|
    |xor_ln121_7_fu_3944_p2    |    xor   |      0|  0|   32|          32|          32|
    |xor_ln121_8_fu_4112_p2    |    xor   |      0|  0|   32|          32|          32|
    |xor_ln121_9_fu_4116_p2    |    xor   |      0|  0|   32|          32|          32|
    |xor_ln121_fu_3701_p2      |    xor   |      0|  0|   32|          32|          32|
    |xor_ln129_10_fu_7505_p2   |    xor   |      0|  0|   32|          32|          32|
    |xor_ln129_11_fu_7511_p2   |    xor   |      0|  0|   32|          32|          32|
    |xor_ln129_12_fu_7619_p2   |    xor   |      0|  0|   32|          32|          32|
    |xor_ln129_13_fu_7623_p2   |    xor   |      0|  0|   32|          32|          32|
    |xor_ln129_14_fu_7668_p2   |    xor   |      0|  0|   32|          32|          32|
    |xor_ln129_15_fu_7673_p2   |    xor   |      0|  0|   32|          32|          32|
    |xor_ln129_16_fu_7729_p2   |    xor   |      0|  0|   32|          32|          32|
    |xor_ln129_17_fu_7735_p2   |    xor   |      0|  0|   32|          32|          32|
    |xor_ln129_18_fu_7808_p2   |    xor   |      0|  0|   32|          32|          32|
    |xor_ln129_19_fu_7814_p2   |    xor   |      0|  0|   32|          32|          32|
    |xor_ln129_1_fu_7133_p2    |    xor   |      0|  0|   32|          32|          32|
    |xor_ln129_20_fu_7887_p2   |    xor   |      0|  0|   32|          32|          32|
    |xor_ln129_21_fu_7893_p2   |    xor   |      0|  0|   32|          32|          32|
    |xor_ln129_22_fu_7966_p2   |    xor   |      0|  0|   32|          32|          32|
    |xor_ln129_23_fu_7972_p2   |    xor   |      0|  0|   32|          32|          32|
    |xor_ln129_24_fu_8045_p2   |    xor   |      0|  0|   32|          32|          32|
    |xor_ln129_25_fu_8051_p2   |    xor   |      0|  0|   32|          32|          32|
    |xor_ln129_26_fu_8116_p2   |    xor   |      0|  0|   32|          32|          32|
    |xor_ln129_27_fu_8122_p2   |    xor   |      0|  0|   32|          32|          32|
    |xor_ln129_28_fu_8161_p2   |    xor   |      0|  0|   32|          32|          32|
    |xor_ln129_29_fu_8167_p2   |    xor   |      0|  0|   32|          32|          32|
    |xor_ln129_2_fu_7189_p2    |    xor   |      0|  0|   32|          32|          32|
    |xor_ln129_30_fu_8274_p2   |    xor   |      0|  0|   32|          32|          32|
    |xor_ln129_31_fu_8279_p2   |    xor   |      0|  0|   32|          32|          32|
    |xor_ln129_32_fu_8351_p2   |    xor   |      0|  0|   32|          32|          32|
    |xor_ln129_33_fu_8357_p2   |    xor   |      0|  0|   32|          32|          32|
    |xor_ln129_34_fu_8429_p2   |    xor   |      0|  0|   32|          32|          32|
    |xor_ln129_35_fu_8435_p2   |    xor   |      0|  0|   32|          32|          32|
    |xor_ln129_36_fu_8508_p2   |    xor   |      0|  0|   32|          32|          32|
    |xor_ln129_37_fu_8514_p2   |    xor   |      0|  0|   32|          32|          32|
    |xor_ln129_38_fu_8587_p2   |    xor   |      0|  0|   32|          32|          32|
    |xor_ln129_39_fu_8593_p2   |    xor   |      0|  0|   32|          32|          32|
    |xor_ln129_3_fu_7195_p2    |    xor   |      0|  0|   32|          32|          32|
    |xor_ln129_4_fu_7268_p2    |    xor   |      0|  0|   32|          32|          32|
    |xor_ln129_5_fu_7274_p2    |    xor   |      0|  0|   32|          32|          32|
    |xor_ln129_6_fu_7347_p2    |    xor   |      0|  0|   32|          32|          32|
    |xor_ln129_7_fu_7353_p2    |    xor   |      0|  0|   32|          32|          32|
    |xor_ln129_8_fu_7426_p2    |    xor   |      0|  0|   32|          32|          32|
    |xor_ln129_9_fu_7432_p2    |    xor   |      0|  0|   32|          32|          32|
    |xor_ln129_fu_7128_p2      |    xor   |      0|  0|   32|          32|          32|
    +--------------------------+----------+-------+---+-----+------------+------------+
    |Total                     |          |      0|  0|24259|       23564|       24224|
    +--------------------------+----------+-------+---+-----+------------+------------+

    * Multiplexer: 
    +--------------------------+-----+-----------+-----+-----------+
    |           Name           | LUT | Input Size| Bits| Total Bits|
    +--------------------------+-----+-----------+-----+-----------+
    |W_address0                |  193|         44|    7|        308|
    |W_address1                |  193|         44|    7|        308|
    |W_d0                      |  177|         40|   32|       1280|
    |W_d1                      |  177|         40|   32|       1280|
    |ap_NS_fsm                 |  201|         46|    1|         46|
    |sha_info_data_address0    |   44|          9|    4|         36|
    |sha_info_data_address1    |   44|          9|    4|         36|
    |sha_info_digest_address0  |   27|          5|    3|         15|
    |sha_info_digest_address1  |   27|          5|    3|         15|
    |sha_info_digest_d0        |   15|          3|   32|         96|
    |sha_info_digest_d1        |   21|          4|   32|        128|
    +--------------------------+-----+-----------+-----+-----------+
    |Total                     | 1119|        249|  157|       3548|
    +--------------------------+-----+-----------+-----+-----------+

    * Register: 
    +--------------------------------+----+----+-----+-----------+
    |              Name              | FF | LUT| Bits| Const Bits|
    +--------------------------------+----+----+-----+-----------+
    |A_reg_8717                      |  32|   0|   32|          0|
    |B_reg_8724                      |  32|   0|   32|          0|
    |C_reg_8779                      |  32|   0|   32|          0|
    |D_reg_8787                      |  32|   0|   32|          0|
    |E_reg_8812                      |  32|   0|   32|          0|
    |W_load_1_reg_9820               |  32|   0|   32|          0|
    |W_load_2_reg_9887               |  32|   0|   32|          0|
    |W_load_3_reg_9892               |  32|   0|   32|          0|
    |W_load_4_reg_9958               |  32|   0|   32|          0|
    |W_load_5_reg_9963               |  32|   0|   32|          0|
    |W_load_reg_9815                 |  32|   0|   32|          0|
    |add_ln117_15_reg_8822           |  32|   0|   32|          0|
    |add_ln117_18_reg_8844           |  32|   0|   32|          0|
    |add_ln117_42_reg_8908           |  32|   0|   32|          0|
    |add_ln117_63_reg_9125           |  32|   0|   32|          0|
    |add_ln117_67_reg_9137           |  32|   0|   32|          0|
    |add_ln117_70_reg_9163           |  32|   0|   32|          0|
    |add_ln121_11_reg_9470           |  32|   0|   32|          0|
    |add_ln121_15_reg_9481           |  32|   0|   32|          0|
    |add_ln121_18_reg_9506           |  32|   0|   32|          0|
    |add_ln121_39_reg_9559           |  32|   0|   32|          0|
    |add_ln121_43_reg_9570           |  32|   0|   32|          0|
    |add_ln121_46_reg_9595           |  32|   0|   32|          0|
    |add_ln121_67_reg_9630           |  32|   0|   32|          0|
    |add_ln121_71_reg_9641           |  32|   0|   32|          0|
    |add_ln121_74_reg_9666           |  32|   0|   32|          0|
    |add_ln125_15_reg_9691           |  32|   0|   32|          0|
    |add_ln125_19_reg_9703           |  32|   0|   32|          0|
    |add_ln125_22_reg_9728           |  32|   0|   32|          0|
    |add_ln125_43_reg_9753           |  32|   0|   32|          0|
    |add_ln125_47_reg_9765           |  32|   0|   32|          0|
    |add_ln125_50_reg_9790           |  32|   0|   32|          0|
    |add_ln125_71_reg_9825           |  32|   0|   32|          0|
    |add_ln125_75_reg_9837           |  32|   0|   32|          0|
    |add_ln125_78_reg_9862           |  32|   0|   32|          0|
    |add_ln129_19_reg_9897           |  32|   0|   32|          0|
    |add_ln129_23_reg_9908           |  32|   0|   32|          0|
    |add_ln129_26_reg_9933           |  32|   0|   32|          0|
    |add_ln129_54_reg_9993           |  32|   0|   32|          0|
    |add_ln129_75_reg_10019          |  32|   0|   32|          0|
    |add_ln132_1_reg_10024           |  32|   0|   32|          0|
    |add_ln132_4_reg_10029           |  32|   0|   32|          0|
    |add_ln133_reg_10039             |  32|   0|   32|          0|
    |add_ln135_reg_10034             |  32|   0|   32|          0|
    |ap_CS_fsm                       |  45|   0|   45|          0|
    |lshr_ln117_10_reg_8903          |   5|   0|    5|          0|
    |lshr_ln117_17_reg_9158          |   5|   0|    5|          0|
    |lshr_ln117_1_reg_8746           |  30|   0|   30|          0|
    |lshr_ln117_20_reg_8756          |  30|   0|   30|          0|
    |lshr_ln117_23_reg_8854          |  30|   0|   30|          0|
    |lshr_ln117_24_reg_8864          |  30|   0|   30|          0|
    |lshr_ln117_30_reg_8929          |  30|   0|   30|          0|
    |lshr_ln117_35_reg_9148          |  30|   0|   30|          0|
    |lshr_ln117_36_reg_9173          |  30|   0|   30|          0|
    |lshr_ln117_37_reg_9183          |  30|   0|   30|          0|
    |lshr_ln117_4_reg_8839           |   5|   0|    5|          0|
    |lshr_ln121_11_reg_9590          |   5|   0|    5|          0|
    |lshr_ln121_18_reg_9661          |   5|   0|    5|          0|
    |lshr_ln121_22_reg_9491          |  30|   0|   30|          0|
    |lshr_ln121_23_reg_9516          |  30|   0|   30|          0|
    |lshr_ln121_24_reg_9526          |  30|   0|   30|          0|
    |lshr_ln121_29_reg_9580          |  30|   0|   30|          0|
    |lshr_ln121_30_reg_9605          |  30|   0|   30|          0|
    |lshr_ln121_31_reg_9615          |  30|   0|   30|          0|
    |lshr_ln121_36_reg_9651          |  30|   0|   30|          0|
    |lshr_ln121_37_reg_9676          |  30|   0|   30|          0|
    |lshr_ln121_38_reg_9686          |  30|   0|   30|          0|
    |lshr_ln121_4_reg_9501           |   5|   0|    5|          0|
    |lshr_ln125_12_reg_9785          |   5|   0|    5|          0|
    |lshr_ln125_19_reg_9857          |   5|   0|    5|          0|
    |lshr_ln125_23_reg_9713          |  30|   0|   30|          0|
    |lshr_ln125_24_reg_9738          |  30|   0|   30|          0|
    |lshr_ln125_25_reg_9748          |  30|   0|   30|          0|
    |lshr_ln125_30_reg_9775          |  30|   0|   30|          0|
    |lshr_ln125_31_reg_9800          |  30|   0|   30|          0|
    |lshr_ln125_32_reg_9810          |  30|   0|   30|          0|
    |lshr_ln125_37_reg_9847          |  30|   0|   30|          0|
    |lshr_ln125_38_reg_9872          |  30|   0|   30|          0|
    |lshr_ln125_5_reg_9723           |   5|   0|    5|          0|
    |lshr_ln129_13_reg_9983          |   5|   0|    5|          0|
    |lshr_ln129_1_reg_9882           |  30|   0|   30|          0|
    |lshr_ln129_24_reg_9918          |  30|   0|   30|          0|
    |lshr_ln129_25_reg_9943          |  30|   0|   30|          0|
    |lshr_ln129_26_reg_9953          |  30|   0|   30|          0|
    |lshr_ln129_33_reg_10014         |  30|   0|   30|          0|
    |lshr_ln129_6_reg_9928           |   5|   0|    5|          0|
    |lshr_ln_reg_8736                |   5|   0|    5|          0|
    |or_ln117_23_reg_8817            |  32|   0|   32|          0|
    |or_ln117_25_reg_8828            |  32|   0|   32|          0|
    |or_ln117_35_reg_8888            |  32|   0|   32|          0|
    |or_ln117_37_reg_8893            |  32|   0|   32|          0|
    |or_ln117_39_reg_8913            |  32|   0|   32|          0|
    |or_ln117_40_reg_8919            |  32|   0|   32|          0|
    |or_ln117_49_reg_9131            |  32|   0|   32|          0|
    |or_ln121_21_reg_9475            |  32|   0|   32|          0|
    |or_ln121_28_reg_9564            |  32|   0|   32|          0|
    |or_ln121_35_reg_9635            |  32|   0|   32|          0|
    |or_ln125_29_reg_9696            |  32|   0|   32|          0|
    |or_ln125_50_reg_9758            |  32|   0|   32|          0|
    |or_ln125_71_reg_9830            |  32|   0|   32|          0|
    |or_ln129_23_reg_9902            |  32|   0|   32|          0|
    |or_ln129_30_reg_9968            |  32|   0|   32|          0|
    |or_ln129_31_reg_9973            |  32|   0|   32|          0|
    |or_ln129_32_reg_9998            |  32|   0|   32|          0|
    |reg_925                         |  32|   0|   32|          0|
    |reg_930                         |  32|   0|   32|          0|
    |sha_info_data_load_10_reg_8794  |  32|   0|   32|          0|
    |sha_info_data_load_11_reg_8803  |  32|   0|   32|          0|
    |sha_info_data_load_12_reg_8869  |  32|   0|   32|          0|
    |sha_info_data_load_13_reg_8878  |  32|   0|   32|          0|
    |sha_info_data_load_2_reg_8669   |  32|   0|   32|          0|
    |sha_info_data_load_3_reg_8677   |  32|   0|   32|          0|
    |sha_info_data_load_4_reg_8685   |  32|   0|   32|          0|
    |sha_info_data_load_5_reg_8693   |  32|   0|   32|          0|
    |sha_info_data_load_6_reg_8701   |  32|   0|   32|          0|
    |sha_info_data_load_7_reg_8709   |  32|   0|   32|          0|
    |sha_info_data_load_8_reg_8761   |  32|   0|   32|          0|
    |sha_info_data_load_9_reg_8770   |  32|   0|   32|          0|
    |trunc_ln117_11_reg_8859         |   2|   0|    2|          0|
    |trunc_ln117_1_reg_8741          |   2|   0|    2|          0|
    |trunc_ln117_20_reg_8898         |  27|   0|   27|          0|
    |trunc_ln117_23_reg_8924         |   2|   0|    2|          0|
    |trunc_ln117_33_reg_9143         |   2|   0|    2|          0|
    |trunc_ln117_34_reg_9153         |  27|   0|   27|          0|
    |trunc_ln117_35_reg_9168         |   2|   0|    2|          0|
    |trunc_ln117_37_reg_9178         |   2|   0|    2|          0|
    |trunc_ln117_3_reg_8751          |   2|   0|    2|          0|
    |trunc_ln117_8_reg_8834          |  27|   0|   27|          0|
    |trunc_ln117_9_reg_8849          |   2|   0|    2|          0|
    |trunc_ln117_reg_8731            |  27|   0|   27|          0|
    |trunc_ln121_11_reg_9521         |   2|   0|    2|          0|
    |trunc_ln121_21_reg_9575         |   2|   0|    2|          0|
    |trunc_ln121_22_reg_9585         |  27|   0|   27|          0|
    |trunc_ln121_23_reg_9600         |   2|   0|    2|          0|
    |trunc_ln121_25_reg_9610         |   2|   0|    2|          0|
    |trunc_ln121_35_reg_9646         |   2|   0|    2|          0|
    |trunc_ln121_36_reg_9656         |  27|   0|   27|          0|
    |trunc_ln121_37_reg_9671         |   2|   0|    2|          0|
    |trunc_ln121_39_reg_9681         |   2|   0|    2|          0|
    |trunc_ln121_7_reg_9486          |   2|   0|    2|          0|
    |trunc_ln121_8_reg_9496          |  27|   0|   27|          0|
    |trunc_ln121_9_reg_9511          |   2|   0|    2|          0|
    |trunc_ln125_10_reg_9718         |  27|   0|   27|          0|
    |trunc_ln125_11_reg_9733         |   2|   0|    2|          0|
    |trunc_ln125_13_reg_9743         |   2|   0|    2|          0|
    |trunc_ln125_23_reg_9770         |   2|   0|    2|          0|
    |trunc_ln125_24_reg_9780         |  27|   0|   27|          0|
    |trunc_ln125_25_reg_9795         |   2|   0|    2|          0|
    |trunc_ln125_27_reg_9805         |   2|   0|    2|          0|
    |trunc_ln125_37_reg_9842         |   2|   0|    2|          0|
    |trunc_ln125_38_reg_9852         |  27|   0|   27|          0|
    |trunc_ln125_39_reg_9867         |   2|   0|    2|          0|
    |trunc_ln125_9_reg_9708          |   2|   0|    2|          0|
    |trunc_ln129_11_reg_9913         |   2|   0|    2|          0|
    |trunc_ln129_12_reg_9923         |  27|   0|   27|          0|
    |trunc_ln129_13_reg_9938         |   2|   0|    2|          0|
    |trunc_ln129_15_reg_9948         |   2|   0|    2|          0|
    |trunc_ln129_1_reg_9877          |   2|   0|    2|          0|
    |trunc_ln129_26_reg_9978         |  27|   0|   27|          0|
    |trunc_ln129_29_reg_10009        |   2|   0|    2|          0|
    |xor_ln107_101_reg_9291          |  32|   0|   32|          0|
    |xor_ln107_104_reg_9297          |  32|   0|   32|          0|
    |xor_ln107_107_reg_9303          |  32|   0|   32|          0|
    |xor_ln107_110_reg_9309          |  32|   0|   32|          0|
    |xor_ln107_113_reg_9315          |  32|   0|   32|          0|
    |xor_ln107_116_reg_9321          |  32|   0|   32|          0|
    |xor_ln107_119_reg_9327          |  32|   0|   32|          0|
    |xor_ln107_11_reg_8955           |  32|   0|   32|          0|
    |xor_ln107_122_reg_9333          |  32|   0|   32|          0|
    |xor_ln107_125_reg_9340          |  32|   0|   32|          0|
    |xor_ln107_128_reg_9347          |  32|   0|   32|          0|
    |xor_ln107_131_reg_9353          |  32|   0|   32|          0|
    |xor_ln107_134_reg_9360          |  32|   0|   32|          0|
    |xor_ln107_137_reg_9367          |  32|   0|   32|          0|
    |xor_ln107_138_reg_9374          |  32|   0|   32|          0|
    |xor_ln107_140_reg_9379          |  32|   0|   32|          0|
    |xor_ln107_143_reg_9387          |  32|   0|   32|          0|
    |xor_ln107_146_reg_9395          |  32|   0|   32|          0|
    |xor_ln107_149_reg_9402          |  32|   0|   32|          0|
    |xor_ln107_14_reg_8962           |  32|   0|   32|          0|
    |xor_ln107_152_reg_9410          |  32|   0|   32|          0|
    |xor_ln107_155_reg_9416          |  32|   0|   32|          0|
    |xor_ln107_158_reg_9423          |  32|   0|   32|          0|
    |xor_ln107_161_reg_9430          |  32|   0|   32|          0|
    |xor_ln107_164_reg_9531          |  32|   0|   32|          0|
    |xor_ln107_167_reg_9437          |  32|   0|   32|          0|
    |xor_ln107_170_reg_9444          |  32|   0|   32|          0|
    |xor_ln107_173_reg_9538          |  32|   0|   32|          0|
    |xor_ln107_176_reg_9450          |  32|   0|   32|          0|
    |xor_ln107_179_reg_9460          |  32|   0|   32|          0|
    |xor_ln107_17_reg_8970           |  32|   0|   32|          0|
    |xor_ln107_182_reg_9544          |  32|   0|   32|          0|
    |xor_ln107_20_reg_8978           |  32|   0|   32|          0|
    |xor_ln107_23_reg_8986           |  32|   0|   32|          0|
    |xor_ln107_24_reg_8994           |  32|   0|   32|          0|
    |xor_ln107_26_reg_8999           |  32|   0|   32|          0|
    |xor_ln107_27_reg_9006           |  32|   0|   32|          0|
    |xor_ln107_29_reg_9011           |  32|   0|   32|          0|
    |xor_ln107_2_reg_8934            |  32|   0|   32|          0|
    |xor_ln107_30_reg_9018           |  32|   0|   32|          0|
    |xor_ln107_32_reg_9024           |  32|   0|   32|          0|
    |xor_ln107_33_reg_9031           |  32|   0|   32|          0|
    |xor_ln107_35_reg_9037           |  32|   0|   32|          0|
    |xor_ln107_36_reg_9044           |  32|   0|   32|          0|
    |xor_ln107_38_reg_9049           |  32|   0|   32|          0|
    |xor_ln107_39_reg_9056           |  32|   0|   32|          0|
    |xor_ln107_41_reg_9062           |  32|   0|   32|          0|
    |xor_ln107_42_reg_9069           |  32|   0|   32|          0|
    |xor_ln107_44_reg_9074           |  32|   0|   32|          0|
    |xor_ln107_45_reg_9081           |  32|   0|   32|          0|
    |xor_ln107_47_reg_9086           |  32|   0|   32|          0|
    |xor_ln107_48_reg_9094           |  32|   0|   32|          0|
    |xor_ln107_50_reg_9188           |  32|   0|   32|          0|
    |xor_ln107_51_reg_9100           |  32|   0|   32|          0|
    |xor_ln107_53_reg_9194           |  32|   0|   32|          0|
    |xor_ln107_56_reg_9200           |  32|   0|   32|          0|
    |xor_ln107_57_reg_9106           |  32|   0|   32|          0|
    |xor_ln107_59_reg_9206           |  32|   0|   32|          0|
    |xor_ln107_5_reg_8941            |  32|   0|   32|          0|
    |xor_ln107_60_reg_9113           |  32|   0|   32|          0|
    |xor_ln107_62_reg_9212           |  32|   0|   32|          0|
    |xor_ln107_65_reg_9218           |  32|   0|   32|          0|
    |xor_ln107_68_reg_9224           |  32|   0|   32|          0|
    |xor_ln107_69_reg_9119           |  32|   0|   32|          0|
    |xor_ln107_71_reg_9230           |  32|   0|   32|          0|
    |xor_ln107_74_reg_9236           |  32|   0|   32|          0|
    |xor_ln107_77_reg_9242           |  32|   0|   32|          0|
    |xor_ln107_80_reg_9248           |  32|   0|   32|          0|
    |xor_ln107_83_reg_9254           |  32|   0|   32|          0|
    |xor_ln107_86_reg_9260           |  32|   0|   32|          0|
    |xor_ln107_89_reg_9266           |  32|   0|   32|          0|
    |xor_ln107_8_reg_8948            |  32|   0|   32|          0|
    |xor_ln107_92_reg_9272           |  32|   0|   32|          0|
    |xor_ln107_95_reg_9279           |  32|   0|   32|          0|
    |xor_ln107_98_reg_9285           |  32|   0|   32|          0|
    |xor_ln129_27_reg_9988           |  32|   0|   32|          0|
    |xor_ln129_29_reg_10004          |  32|   0|   32|          0|
    +--------------------------------+----+----+-----+-----------+
    |Total                           |6253|   0| 6253|          0|
    +--------------------------------+----+----+-----+-----------+



================================================================
== Interface
================================================================
* Summary: 
+--------------------------+-----+-----+------------+-----------------+--------------+
|         RTL Ports        | Dir | Bits|  Protocol  |  Source Object  |    C Type    |
+--------------------------+-----+-----+------------+-----------------+--------------+
|ap_clk                    |  in |    1| ap_ctrl_hs |  sha_transform  | return value |
|ap_rst                    |  in |    1| ap_ctrl_hs |  sha_transform  | return value |
|ap_start                  |  in |    1| ap_ctrl_hs |  sha_transform  | return value |
|ap_done                   | out |    1| ap_ctrl_hs |  sha_transform  | return value |
|ap_idle                   | out |    1| ap_ctrl_hs |  sha_transform  | return value |
|ap_ready                  | out |    1| ap_ctrl_hs |  sha_transform  | return value |
|sha_info_data_address0    | out |    4|  ap_memory |  sha_info_data  |     array    |
|sha_info_data_ce0         | out |    1|  ap_memory |  sha_info_data  |     array    |
|sha_info_data_q0          |  in |   32|  ap_memory |  sha_info_data  |     array    |
|sha_info_data_address1    | out |    4|  ap_memory |  sha_info_data  |     array    |
|sha_info_data_ce1         | out |    1|  ap_memory |  sha_info_data  |     array    |
|sha_info_data_q1          |  in |   32|  ap_memory |  sha_info_data  |     array    |
|sha_info_digest_address0  | out |    3|  ap_memory | sha_info_digest |     array    |
|sha_info_digest_ce0       | out |    1|  ap_memory | sha_info_digest |     array    |
|sha_info_digest_we0       | out |    1|  ap_memory | sha_info_digest |     array    |
|sha_info_digest_d0        | out |   32|  ap_memory | sha_info_digest |     array    |
|sha_info_digest_q0        |  in |   32|  ap_memory | sha_info_digest |     array    |
|sha_info_digest_address1  | out |    3|  ap_memory | sha_info_digest |     array    |
|sha_info_digest_ce1       | out |    1|  ap_memory | sha_info_digest |     array    |
|sha_info_digest_we1       | out |    1|  ap_memory | sha_info_digest |     array    |
|sha_info_digest_d1        | out |   32|  ap_memory | sha_info_digest |     array    |
|sha_info_digest_q1        |  in |   32|  ap_memory | sha_info_digest |     array    |
+--------------------------+-----+-----+------------+-----------------+--------------+

